// Jest Snapshot v1, https://goo.gl/fbAQLP

exports[`<TextComponent /> should render a text 1`] = `
.c0 {
  font-size: 2.5rem;
}

<div>
  <div
    class="c0"
  >
    Children
  </div>
</div>
`;
